<!DOCTYPE html>
<html>
<head>
  <meta charset="utf-8">
  <meta http-equiv="X-UA-Compatible" content="IE=edge">
  <title></title>
  <link rel="stylesheet" href="">
</head>
<body>
  
  <!--SCRIPTS src="fixtures/games/*.js"-->
  <script src="fixtures/games/everquest.js"></script>
  <script src="fixtures/games/minecraft.js"></script>
  <!--SCRIPTS END-->

  <!--SCRIPTS src="fixtures/languages/*.js"-->
  <script src="fixtures/languages/csharp.js"></script>
  <script src="fixtures/languages/rust.js"></script>
  <!--SCRIPTS END-->

</body>
</html>